================================================================
Program: CD-HIT, V4.8.1 (+OpenMP), Aug 20 2021, 08:39:56
Command: cd-hit -i
         cdhit/by_kingdom/Animalia/input_ge10aa.fasta -o
         cdhit/by_kingdom/Animalia/cdhit_ge10aa.fasta -c 0.9 -n
         5 -d 0 -M 0 -T 0

Started: Wed Sep 30 04:53:18 2026
================================================================
                            Output                              
----------------------------------------------------------------
total number of CPUs in the system is 4
Actual number of CPUs to be used: 4

total seq: 2308
longest and shortest : 190 and 11
Total letters: 67157
Sequences have been sorted

Approximated minimal memory consumption:
Sequence        : 0M
Buffer          : 4 X 10M = 42M
Table           : 2 X 65M = 130M
Miscellaneous   : 0M
Total           : 173M

Table limit with the given memory limit:
Max number of representatives: 1500000
Max number of word counting entries: 24973125


# comparing sequences from          0  to        384
---------- new table with      314 representatives

# comparing sequences from        384  to        704
...................
----------    181 remaining sequences to the next cycle
---------- new table with      100 representatives

# comparing sequences from        523  to        820
....................
----------    163 remaining sequences to the next cycle
---------- new table with      100 representatives

# comparing sequences from        657  to        932
....................
----------    128 remaining sequences to the next cycle
---------- new table with      106 representatives

# comparing sequences from        804  to       1054
....................
----------    117 remaining sequences to the next cycle
---------- new table with      100 representatives

# comparing sequences from        937  to       1165
....................
----------     91 remaining sequences to the next cycle
---------- new table with      100 representatives

# comparing sequences from       1074  to       1279
..................
----------     59 remaining sequences to the next cycle
---------- new table with      100 representatives

# comparing sequences from       1220  to       1401
...................
----------     40 remaining sequences to the next cycle
---------- new table with      100 representatives

# comparing sequences from       1361  to       2308
....................---------- new table with      730 representatives

     2308  finished       1750  clusters

Approximated maximum memory consumption: 173M
writing new database
writing clustering information
program completed !

Total CPU time 0.44
