================================================================
Program: CD-HIT, V4.8.1 (+OpenMP), Aug 20 2021, 08:39:56
Command: cd-hit -i cdhit/by_domain/Eukarya/input_ge10aa.fasta
         -o cdhit/by_domain/Eukarya/cdhit_ge10aa.fasta -c 0.9
         -n 5 -d 0 -M 0 -T 0

Started: Wed Sep 30 04:53:18 2026
================================================================
                            Output                              
----------------------------------------------------------------
total number of CPUs in the system is 4
Actual number of CPUs to be used: 4

total seq: 2659
longest and shortest : 190 and 11
Total letters: 79944
Sequences have been sorted

Approximated minimal memory consumption:
Sequence        : 0M
Buffer          : 4 X 10M = 42M
Table           : 2 X 65M = 130M
Miscellaneous   : 0M
Total           : 173M

Table limit with the given memory limit:
Max number of representatives: 1500000
Max number of word counting entries: 24973125


# comparing sequences from          0  to        443
---------- new table with      363 representatives

# comparing sequences from        443  to        812
...................
----------    244 remaining sequences to the next cycle
---------- new table with      100 representatives

# comparing sequences from        568  to        916
...................
----------    212 remaining sequences to the next cycle
---------- new table with      100 representatives

# comparing sequences from        704  to       1029
...................
----------    188 remaining sequences to the next cycle
---------- new table with      100 representatives

# comparing sequences from        841  to       1144
...................
----------    166 remaining sequences to the next cycle
---------- new table with      100 representatives

# comparing sequences from        978  to       1258
...................
----------    140 remaining sequences to the next cycle
---------- new table with      100 representatives

# comparing sequences from       1118  to       1374
....................
----------    121 remaining sequences to the next cycle
---------- new table with      100 representatives

# comparing sequences from       1253  to       1487
...................
----------     94 remaining sequences to the next cycle
---------- new table with      100 representatives

# comparing sequences from       1393  to       1604
..................
----------     65 remaining sequences to the next cycle
---------- new table with      100 representatives

# comparing sequences from       1539  to       1725
..................
----------     45 remaining sequences to the next cycle
---------- new table with      100 representatives

# comparing sequences from       1680  to       2659
....................---------- new table with      753 representatives

     2659  finished       2016  clusters

Approximated maximum memory consumption: 173M
writing new database
writing clustering information
program completed !

Total CPU time 0.49
