================================================================
Program: CD-HIT, V4.8.1 (+OpenMP), Aug 20 2021, 08:39:56
Command: cd-hit -i
         cdhit/by_target_group/anticancer/input_ge10aa.fasta -o
         cdhit/by_target_group/anticancer/cdhit_ge10aa.fasta -c
         0.9 -n 5 -d 0 -M 0 -T 0

Started: Wed Sep 30 04:53:25 2026
================================================================
                            Output                              
----------------------------------------------------------------
total number of CPUs in the system is 4
Actual number of CPUs to be used: 4

total seq: 2502
longest and shortest : 121 and 11
Total letters: 52013
Sequences have been sorted

Approximated minimal memory consumption:
Sequence        : 0M
Buffer          : 4 X 10M = 42M
Table           : 2 X 65M = 130M
Miscellaneous   : 0M
Total           : 173M

Table limit with the given memory limit:
Max number of representatives: 1500000
Max number of word counting entries: 22897687


# comparing sequences from          0  to        417
---------- new table with      320 representatives

# comparing sequences from        417  to        764
...................
----------    137 remaining sequences to the next cycle
---------- new table with      136 representatives

# comparing sequences from        627  to        939
................
----------    160 remaining sequences to the next cycle
---------- new table with      100 representatives

# comparing sequences from        779  to       1066
.................
----------    127 remaining sequences to the next cycle
---------- new table with      100 representatives

# comparing sequences from        939  to       1199
.................
----------     38 remaining sequences to the next cycle
---------- new table with      151 representatives

# comparing sequences from       1161  to       1384
................
----------     65 remaining sequences to the next cycle
---------- new table with      100 representatives

# comparing sequences from       1319  to       1516
....................
----------     34 remaining sequences to the next cycle
---------- new table with      100 representatives

# comparing sequences from       1482  to       1652
................
----------      3 remaining sequences to the next cycle
---------- new table with      100 representatives

# comparing sequences from       1649  to       2502
...................---------- new table with      575 representatives

     2502  finished       1682  clusters

Approximated maximum memory consumption: 173M
writing new database
writing clustering information
program completed !

Total CPU time 0.42
