================================================================
Program: CD-HIT, V4.8.1 (+OpenMP), Aug 20 2021, 08:39:56
Command: cd-hit -i
         /home/user/dbaasp_comparative_study_4/deliverables/cdhit/input_ge10aa.fasta
         -o
         /home/user/dbaasp_comparative_study_4/deliverables/cdhit/cdhit_ge10aa.fasta
         -c 0.9 -n 5 -d 0 -l 9 -M 0 -T 1

Started: Sat Oct  3 06:35:11 2026
================================================================
                            Output                              
----------------------------------------------------------------
total seq: 15803
longest and shortest : 190 and 10
Total letters: 332733
Sequences have been sorted

Approximated minimal memory consumption:
Sequence        : 2M
Buffer          : 1 X 10M = 10M
Table           : 1 X 65M = 65M
Miscellaneous   : 0M
Total           : 78M

Table limit with the given memory limit:
Max number of representatives: 4000000
Max number of word counting entries: 61595000


comparing sequences from          0  to      15803
..........
..........    10000  finished       5613  clusters
.....
    15803  finished       9068  clusters

Approximated maximum memory consumption: 80M
writing new database
writing clustering information
program completed !

Total CPU time 0.26
